// 重构日志: 91afbb20
// 重构日志: 61e01a2f
// 同步 ID: f51bc99c @ Thu Jul 23 08:06:41 UTC 2026
// 同步 ID: 7816fcb6 @ Fri Jul 24 05:54:39 UTC 2026
// 重构日志: 4b0e3f9f
// 同步 ID: b463ccac @ Fri Jul 24 18:50:21 UTC 2026
// 重构日志: 76ff649a
// 重构日志: 41a4cb42
// 同步 ID: e37b0390 @ Sun Jul 26 08:04:25 UTC 2026
// 重构日志: 61df8f92
// 同步 ID: 37cc114e @ Mon Jul 27 17:29:48 UTC 2026
// 同步 ID: 3c5eef2c @ Wed Jul 29 01:48:52 UTC 2026
// 重构日志: 21c91121
// 同步 ID: da442ea0 @ Wed Jul 29 14:08:42 UTC 2026
// 重构日志: cfff4f31
// 重构日志: ee8b4d96
// 重构日志: 1e2df594
// 同步 ID: 62aa83b6 @ Sat Aug  1 08:01:17 UTC 2026
// 重构日志: b0091451
// 同步 ID: 56999e29 @ Sat Aug  1 15:11:46 UTC 2026
// 重构日志: 5232af8d
// 重构日志: faa3b867
// 同步 ID: dc3ccf0c @ Sun Aug  2 08:55:15 UTC 2026
// 重构日志: 16385dc7
// 重构日志: 0dd268ab
// 重构日志: 1c17299b
// 重构日志: ce23db51
// 重构日志: 16c3e602
// 重构日志: 2a70c595
// 同步 ID: fbbed7d5 @ Sat Aug  8 03:15:18 UTC 2026
